python.exe : Waiting on operation 
[projects/bigdata-proyecto1-ciciot2023/regions/us-central1/operations/8db194aa-9db9-3fb4-bbdc-998b3487274a].
En C:\Program Files (x86)\Google\Cloud SDK\google-cloud-sdk\bin\gcloud.ps1: 114 Carácter: 3
+   & "$cloudsdk_python" $run_args_array
+   ~~~~~~~~~~~~~~~~~~~~~~~~~~~~~~~~~~~~
    + CategoryInfo          : NotSpecified: (Waiting on oper...-998b3487274a].:String) [], RemoteException
    + FullyQualifiedErrorId : NativeCommandError
 
Waiting for cluster creation operation...
.WARNING: Consider using Auto Zone rather than selecting a zone manually. See 
https://cloud.google.com/dataproc/docs/concepts/configuring-clusters/auto-zone
WARNING: Failed to validate permissions required for default service account: 
'698285774089-compute@developer.gserviceaccount.com'. Cluster creation could still be successful if required 
permissions have been granted to the respective service accounts as mentioned in the document 
https://cloud.google.com/dataproc/docs/concepts/configuring-clusters/service-accounts#dataproc_service_accounts_2. 
This could be due to Cloud Resource Manager API hasn't been enabled in your project '698285774089' before or it is 
disabled. Enable it by visiting 
'https://console.developers.google.com/apis/api/cloudresourcemanager.googleapis.com/overview?project=698285774089'.
WARNING: The firewall rules for specified network or subnetwork would allow ingress traffic from 0.0.0.0/0, which 
could be a security risk.
.......................................................................................................................
.......................................................................................................................
.......................................................................................................................
.......................................................................................................................
.......................................................................................................................
.......................................................................................................................
.......................................................................................................................
.......................................................................................................................
.......................................................................................................................
.......................................................................................................................
.......................................................................................................................
..........done.
Created 
[https://dataproc.googleapis.com/v1/projects/bigdata-proyecto1-ciciot2023/regions/us-central1/clusters/ciciot-fase5] 
Cluster placed in zone [us-central1-a].
