gcloud.cmd : Job [26894b416c8940e1aaaefd44428c1d80] submitted.
En línea: 1 Carácter: 55
+ ... ig\gcloud'; gcloud.cmd dataproc jobs submit hadoop --project=bigdata- ...
+                 ~~~~~~~~~~~~~~~~~~~~~~~~~~~~~~~~~~~~~~~~~~~~~~~~~~~~~~~~~
    + CategoryInfo          : NotSpecified: (Job [26894b416c...d80] submitted.:String) [], RemoteException
    + FullyQualifiedErrorId : NativeCommandError
 
Waiting for job output...
Number of Maps  = 4
Samples per Map = 10000
Wrote input for Map #0
Wrote input for Map #1
Wrote input for Map #2
Wrote input for Map #3
Starting Job
2026-09-25 20:19:06,848 INFO client.DefaultNoHARMFailoverProxyProvider: Connecting to ResourceManager at 
ciciot-fase5-m.us-central1-a.c.bigdata-proyecto1-ciciot2023.internal./10.128.0.2:8032
2026-09-25 20:19:07,099 INFO client.AHSProxy: Connecting to Application History server at 
ciciot-fase5-m.us-central1-a.c.bigdata-proyecto1-ciciot2023.internal./10.128.0.2:10200
2026-09-25 20:19:07,287 INFO mapreduce.JobResourceUploader: Disabling Erasure Coding for path: 
/tmp/hadoop-yarn/staging/root/.staging/job_1790366943595_0003
2026-09-25 20:19:07,575 INFO input.FileInputFormat: Total input files to process : 4
2026-09-25 20:19:07,691 INFO mapreduce.JobSubmitter: number of splits:4
2026-09-25 20:19:08,139 INFO mapreduce.JobSubmitter: Submitting tokens for job: job_1790366943595_0003
2026-09-25 20:19:08,139 INFO mapreduce.JobSubmitter: Executing with tokens: []
2026-09-25 20:19:08,450 INFO conf.Configuration: resource-types.xml not found
2026-09-25 20:19:08,451 INFO resource.ResourceUtils: Unable to find 'resource-types.xml'.
2026-09-25 20:19:08,671 INFO impl.YarnClientImpl: Submitted application application_1790366943595_0003
2026-09-25 20:19:08,748 INFO mapreduce.Job: The url to track the job: 
http://ciciot-fase5-m.us-central1-a.c.bigdata-proyecto1-ciciot2023.internal.:8088/proxy/application_1790366943595_0003/
2026-09-25 20:19:08,749 INFO mapreduce.Job: Running job: job_1790366943595_0003
2026-09-25 20:19:22,994 INFO mapreduce.Job: Job job_1790366943595_0003 running in uber mode : false
2026-09-25 20:19:22,996 INFO mapreduce.Job:  map 0% reduce 0%
2026-09-25 20:19:32,138 INFO mapreduce.Job:  map 25% reduce 0%
2026-09-25 20:19:39,193 INFO mapreduce.Job:  map 50% reduce 0%
2026-09-25 20:19:41,207 INFO mapreduce.Job:  map 100% reduce 0%
2026-09-25 20:19:52,288 INFO mapreduce.Job:  map 100% reduce 100%
2026-09-25 20:19:54,319 INFO mapreduce.Job: Job job_1790366943595_0003 completed successfully
2026-09-25 20:19:54,461 INFO mapreduce.Job: Counters: 54
	File System Counters
		FILE: Number of bytes read=94
		FILE: Number of bytes written=1443761
		FILE: Number of read operations=0
		FILE: Number of large read operations=0
		FILE: Number of write operations=0
		HDFS: Number of bytes read=1056
		HDFS: Number of bytes written=215
		HDFS: Number of read operations=21
		HDFS: Number of large read operations=0
		HDFS: Number of write operations=4
		HDFS: Number of bytes read erasure-coded=0
	Job Counters 
		Launched map tasks=4
		Launched reduce tasks=1
		Data-local map tasks=4
		Total time spent by all maps in occupied slots (ms)=146780107
		Total time spent by all reduces in occupied slots (ms)=26301202
		Total time spent by all map tasks (ms)=44791
		Total time spent by all reduce tasks (ms)=8026
		Total vcore-milliseconds taken by all map tasks=44791
		Total vcore-milliseconds taken by all reduce tasks=8026
		Total megabyte-milliseconds taken by all map tasks=146780107
		Total megabyte-milliseconds taken by all reduce tasks=26301202
	Map-Reduce Framework
		Map input records=4
		Map output records=8
		Map output bytes=72
		Map output materialized bytes=112
		Input split bytes=584
		Combine input records=0
		Combine output records=0
		Reduce input groups=2
		Reduce shuffle bytes=112
		Reduce input records=8
		Reduce output records=0
		Spilled Records=16
		Shuffled Maps =4
		Failed Shuffles=0
		Merged Map outputs=4
		GC time elapsed (ms)=373
		CPU time spent (ms)=5580
		Physical memory (bytes) snapshot=2545369088
		Virtual memory (bytes) snapshot=23561289728
		Total committed heap usage (bytes)=2363490304
		Peak Map Physical memory (bytes)=558370816
		Peak Map Virtual memory (bytes)=4713062400
		Peak Reduce Physical memory (bytes)=354635776
		Peak Reduce Virtual memory (bytes)=4716335104
	Shuffle Errors
		BAD_ID=0
		CONNECTION=0
		IO_ERROR=0
		WRONG_LENGTH=0
		WRONG_MAP=0
		WRONG_REDUCE=0
	File Input Format Counters 
		Bytes Read=472
	File Output Format Counters 
		Bytes Written=97
Job Finished in 48.124 seconds
Estimated value of Pi is 3.14140000000000000000
Job [26894b416c8940e1aaaefd44428c1d80] finished successfully.
done: true
driverControlFilesUri: gs://dataproc-staging-us-central1-698285774089-wggxreuy/google-cloud-dataproc-metainfo/89790f33-75ce-40f5-aa71-d79c8c726e33/jobs/26894b416c8940e1aaaefd44428c1d80/
driverOutputResourceUri: gs://dataproc-staging-us-central1-698285774089-wggxreuy/google-cloud-dataproc-metainfo/89790f33-75ce-40f5-aa71-d79c8c726e33/jobs/26894b416c8940e1aaaefd44428c1d80/driveroutput
hadoopJob:
  args:
  - pi
  - '4'
  - '10000'
  mainJarFileUri: file:///usr/lib/hadoop-mapreduce/hadoop-mapreduce-examples.jar
jobUuid: 733aa940-7abe-3c3b-a1c0-e134851bf59e
placement:
  clusterName: ciciot-fase5
  clusterUuid: 89790f33-75ce-40f5-aa71-d79c8c726e33
reference:
  jobId: 26894b416c8940e1aaaefd44428c1d80
  projectId: bigdata-proyecto1-ciciot2023
status:
  state: DONE
  stateStartTime: '2026-09-25T20:19:56.552235Z'
statusHistory:
- state: PENDING
  stateStartTime: '2026-09-25T20:18:59.121161Z'
- state: SETUP_DONE
  stateStartTime: '2026-09-25T20:18:59.207547Z'
- details: Agent reported job success
  state: RUNNING
  stateStartTime: '2026-09-25T20:18:59.662795Z'
yarnApplications:
- memoryMbSeconds: '343590'
  name: QuasiMonteCarlo
  progress: 1.0
  state: FINISHED
  trackingUrl: http://ciciot-fase5-m.us-central1-a.c.bigdata-proyecto1-ciciot2023.internal.:8088/proxy/application_1790366943595_0003/
  vcoreSeconds: '102'
