gcloud.cmd : Job [2e83644f3a1a41148894b6b0d38a7252] submitted.
En línea: 1 Carácter: 55
+ ... ig\gcloud'; gcloud.cmd dataproc jobs submit hadoop --project=bigdata- ...
+                 ~~~~~~~~~~~~~~~~~~~~~~~~~~~~~~~~~~~~~~~~~~~~~~~~~~~~~~~~~
    + CategoryInfo          : NotSpecified: (Job [2e83644f3a...252] submitted.:String) [], RemoteException
    + FullyQualifiedErrorId : NativeCommandError
 
Waiting for job output...
2026-09-25 20:17:41,876 INFO terasort.TeraSort: starting
2026-09-25 20:17:44,275 INFO input.FileInputFormat: Total input files to process : 1
Spent 313ms computing base-splits.
Spent 2ms computing TeraScheduler splits.
Computing input splits took 316ms
Sampling 1 splits of 1
Making 3 from 100000 sampled records
Computing parititions took 776ms
Spent 1096ms computing partitions.
2026-09-25 20:17:45,548 INFO client.DefaultNoHARMFailoverProxyProvider: Connecting to ResourceManager at 
ciciot-fase5-m.us-central1-a.c.bigdata-proyecto1-ciciot2023.internal./10.128.0.2:8032
2026-09-25 20:17:45,755 INFO client.AHSProxy: Connecting to Application History server at 
ciciot-fase5-m.us-central1-a.c.bigdata-proyecto1-ciciot2023.internal./10.128.0.2:10200
2026-09-25 20:17:45,999 INFO mapreduce.JobResourceUploader: Disabling Erasure Coding for path: 
/tmp/hadoop-yarn/staging/root/.staging/job_1790366943595_0002
2026-09-25 20:17:46,411 INFO mapreduce.JobSubmitter: number of splits:1
2026-09-25 20:17:46,831 INFO mapreduce.JobSubmitter: Submitting tokens for job: job_1790366943595_0002
2026-09-25 20:17:46,831 INFO mapreduce.JobSubmitter: Executing with tokens: []
2026-09-25 20:17:47,119 INFO conf.Configuration: resource-types.xml not found
2026-09-25 20:17:47,120 INFO resource.ResourceUtils: Unable to find 'resource-types.xml'.
2026-09-25 20:17:47,291 INFO impl.YarnClientImpl: Submitted application application_1790366943595_0002
2026-09-25 20:17:47,359 INFO mapreduce.Job: The url to track the job: 
http://ciciot-fase5-m.us-central1-a.c.bigdata-proyecto1-ciciot2023.internal.:8088/proxy/application_1790366943595_0002/
2026-09-25 20:17:47,360 INFO mapreduce.Job: Running job: job_1790366943595_0002
2026-09-25 20:18:01,732 INFO mapreduce.Job: Job job_1790366943595_0002 running in uber mode : false
2026-09-25 20:18:01,733 INFO mapreduce.Job:  map 0% reduce 0%
2026-09-25 20:18:13,862 INFO mapreduce.Job:  map 100% reduce 0%
2026-09-25 20:18:24,970 INFO mapreduce.Job:  map 100% reduce 33%
2026-09-25 20:18:37,065 INFO mapreduce.Job:  map 100% reduce 100%
2026-09-25 20:18:39,093 INFO mapreduce.Job: Job job_1790366943595_0002 completed successfully
2026-09-25 20:18:39,235 INFO mapreduce.Job: Counters: 55
	File System Counters
		FILE: Number of bytes read=62398688
		FILE: Number of bytes written=125955063
		FILE: Number of read operations=0
		FILE: Number of large read operations=0
		FILE: Number of write operations=0
		HDFS: Number of bytes read=59998822
		HDFS: Number of bytes written=59998700
		HDFS: Number of read operations=18
		HDFS: Number of large read operations=0
		HDFS: Number of write operations=9
		HDFS: Number of bytes read erasure-coded=0
	Job Counters 
		Killed reduce tasks=1
		Launched map tasks=1
		Launched reduce tasks=4
		Data-local map tasks=1
		Total time spent by all maps in occupied slots (ms)=32694629
		Total time spent by all reduces in occupied slots (ms)=156516074
		Total time spent by all map tasks (ms)=9977
		Total time spent by all reduce tasks (ms)=47762
		Total vcore-milliseconds taken by all map tasks=9977
		Total vcore-milliseconds taken by all reduce tasks=47762
		Total megabyte-milliseconds taken by all map tasks=32694629
		Total megabyte-milliseconds taken by all reduce tasks=156516074
	Map-Reduce Framework
		Map input records=599987
		Map output records=599987
		Map output bytes=61198674
		Map output materialized bytes=62398666
		Input split bytes=122
		Combine input records=0
		Combine output records=0
		Reduce input groups=26739
		Reduce shuffle bytes=62398666
		Reduce input records=599987
		Reduce output records=599987
		Spilled Records=1199974
		Shuffled Maps =3
		Failed Shuffles=0
		Merged Map outputs=3
		GC time elapsed (ms)=322
		CPU time spent (ms)=18010
		Physical memory (bytes) snapshot=1741234176
		Virtual memory (bytes) snapshot=18877419520
		Total committed heap usage (bytes)=1241513984
		Peak Map Physical memory (bytes)=636981248
		Peak Map Virtual memory (bytes)=4716945408
		Peak Reduce Physical memory (bytes)=388280320
		Peak Reduce Virtual memory (bytes)=4721750016
	Shuffle Errors
		BAD_ID=0
		CONNECTION=0
		IO_ERROR=0
		WRONG_LENGTH=0
		WRONG_MAP=0
		WRONG_REDUCE=0
	File Input Format Counters 
		Bytes Read=59998700
	File Output Format Counters 
		Bytes Written=59998700
2026-09-25 20:18:39,239 INFO terasort.TeraSort: done
Job [2e83644f3a1a41148894b6b0d38a7252] finished successfully.
done: true
driverControlFilesUri: gs://dataproc-staging-us-central1-698285774089-wggxreuy/google-cloud-dataproc-metainfo/89790f33-75ce-40f5-aa71-d79c8c726e33/jobs/2e83644f3a1a41148894b6b0d38a7252/
driverOutputResourceUri: gs://dataproc-staging-us-central1-698285774089-wggxreuy/google-cloud-dataproc-metainfo/89790f33-75ce-40f5-aa71-d79c8c726e33/jobs/2e83644f3a1a41148894b6b0d38a7252/driveroutput
hadoopJob:
  args:
  - terasort
  - /fase5/entrada/terasort
  - /fase5/salidas/terasort
  mainJarFileUri: file:///usr/lib/hadoop-mapreduce/hadoop-mapreduce-examples.jar
jobUuid: 2e077738-0cdd-33f9-b6e4-66b1dfc6b86c
placement:
  clusterName: ciciot-fase5
  clusterUuid: 89790f33-75ce-40f5-aa71-d79c8c726e33
reference:
  jobId: 2e83644f3a1a41148894b6b0d38a7252
  projectId: bigdata-proyecto1-ciciot2023
status:
  state: DONE
  stateStartTime: '2026-09-25T20:18:41.453071Z'
statusHistory:
- state: PENDING
  stateStartTime: '2026-09-25T20:17:36.320015Z'
- state: SETUP_DONE
  stateStartTime: '2026-09-25T20:17:36.396066Z'
- details: Agent reported job success
  state: RUNNING
  stateStartTime: '2026-09-25T20:17:36.838936Z'
yarnApplications:
- memoryMbSeconds: '377907'
  name: TeraSort
  progress: 1.0
  state: FINISHED
  trackingUrl: http://ciciot-fase5-m.us-central1-a.c.bigdata-proyecto1-ciciot2023.internal.:8088/proxy/application_1790366943595_0002/
  vcoreSeconds: '112'
